[backblue.gif]
[fade.gif]
[index.html]
[new.express.adobe.com/webpage/F0SNcVdDyLAJm/resources/1727774686203246e.png]
[new.express.adobe.com/webpage/static/runtime/images/favicon.ico]
[new.express.adobe.com/webpage/static/runtime/base-fonts.gz.js]
[new.express.adobe.com/webpage/static/runtime/typekit-load.gz.js]
[new.express.adobe.com/webpage/static/runtime/runtime.gz.css]
[use.typekit.net/axk5mzt.css]
[new.express.adobe.com/webpage/static/runtime/noscript.gz.css]
[new.express.adobe.com/webpage/F0SNcVdDyLAJm/resources/b319b739-63ca-4678-ac9e-97c59270f94b26ba.png]
[new.express.adobe.com/webpage/F0SNcVdDyLAJm/resources/ef815973-0a35-4f6f-bb87-aa92b3a34ddd1349.png]
[new.express.adobe.com/webpage/F0SNcVdDyLAJm/resources/b65e6d32-b9d9-41d6-879c-029fb20a4729eb6c.png]
[new.express.adobe.com/webpage/F0SNcVdDyLAJm/resources/6f339674-a0f1-4ece-8cd2-5419326dc61b49c9.png]
[new.express.adobe.com/webpage/F0SNcVdDyLAJm/resources/2b7f5d7b-e94e-4626-bbf1-9477ed0dc58ee011.png]
[new.express.adobe.com/webpage/F0SNcVdDyLAJm/resources/2043e304-f51d-4007-9866-b0715a674160cf61.png]
[new.express.adobe.com/webpage/F0SNcVdDyLAJm.html]
[new.express.adobe.com/webpage/static/runtime/runtime-prod.gz.js]
[new.express.adobe.com/webpage/static/runtime/images/arrow-left.png]
[new.express.adobe.com/webpage/static/runtime/images/arrow-right.png]
[new.express.adobe.com/webpage/static/runtime/images/left-arrow.png]
[new.express.adobe.com/webpage/static/runtime/images/right-arrow.png]
[new.express.adobe.com/webpage/static/runtime/images/appreciate-unfilled-valley@2x.png]
[new.express.adobe.com/webpage/static/runtime/images/appreciate-filled-lapis@2x.png]
[new.express.adobe.com/webpage/static/runtime/images/appreciate-filled-valley@2x.png]
[new.express.adobe.com/webpage/static/runtime/images/appreciate-unfilled-lapis@2x.png]
[new.express.adobe.com/webpage/static/runtime/images/lightbox_close@2x.png]
[new.express.adobe.com/webpage/static/runtime/images/lightbox_prev@2x.png]
[new.express.adobe.com/webpage/static/runtime/images/lightbox_next@2x.png]
[new.express.adobe.com/webpage/static/runtime/images/spinner2x.png]
[new.express.adobe.com/webpage/static/runtime/runtime.gz.css]
[new.express.adobe.com/webpage/static/runtime/images/Link_18_N.svg]
[use.typekit.net/af/b91d5a/00000000000000007735a2de/30/l00e3]
[use.typekit.net/af/b91d5a/00000000000000007735a2de/30/d00e3]
[use.typekit.net/af/b91d5a/00000000000000007735a2de/30/a00e3]
[use.typekit.net/af/58bd4f/00000000000000007735a2d0/30/l3b0e]
[use.typekit.net/af/58bd4f/00000000000000007735a2d0/30/d3b0e]
[use.typekit.net/af/58bd4f/00000000000000007735a2d0/30/a3b0e]
[use.typekit.net/af/2b7e81/00000000000000007735a2d4/30/lee82]
[use.typekit.net/af/2b7e81/00000000000000007735a2d4/30/dee82]
[use.typekit.net/af/2b7e81/00000000000000007735a2d4/30/aee82]
[use.typekit.net/af/46d4f1/00000000000000007735a2dc/30/l0b8e]
[use.typekit.net/af/46d4f1/00000000000000007735a2dc/30/d0b8e]
[use.typekit.net/af/46d4f1/00000000000000007735a2dc/30/a0b8e]
[use.typekit.net/af/ff6ca0/0000000000000000774f4c1a/30/l9622]
[use.typekit.net/af/ff6ca0/0000000000000000774f4c1a/30/d9622]
[use.typekit.net/af/ff6ca0/0000000000000000774f4c1a/30/a9622]
[use.typekit.net/af/6c3490/0000000000000000774f4c24/30/le54d]
[use.typekit.net/af/6c3490/0000000000000000774f4c24/30/de54d]
[use.typekit.net/af/6c3490/0000000000000000774f4c24/30/ae54d]
[use.typekit.net/af/6ba02d/0000000000000000774f4c28/30/lee82]
[use.typekit.net/af/6ba02d/0000000000000000774f4c28/30/dee82]
[use.typekit.net/af/6ba02d/0000000000000000774f4c28/30/aee82]
[use.typekit.net/af/52bac0/0000000000000000774f4c20/30/l00e3]
[use.typekit.net/af/52bac0/0000000000000000774f4c20/30/d00e3]
[use.typekit.net/af/52bac0/0000000000000000774f4c20/30/a00e3]
[use.typekit.net/af/eb2807/0000000000000000774f4c1e/30/l0b8e]
[use.typekit.net/af/eb2807/0000000000000000774f4c1e/30/d0b8e]
[use.typekit.net/af/eb2807/0000000000000000774f4c1e/30/a0b8e]
[use.typekit.net/af/c57472/0000000000000000774f4c26/30/l3b0e]
[use.typekit.net/af/c57472/0000000000000000774f4c26/30/d3b0e]
[use.typekit.net/axk5mzt.css]
[use.typekit.net/af/c57472/0000000000000000774f4c26/30/a3b0e]
[new.express.adobe.com/webpage/static/runtime/noscript.gz.css]
[new.express.adobe.com/static/project-x-beta-favicon.7a85d2313c216af3b57f.png]
[new.express.adobe.com/static/compiled-app-config.b4b49832aa5ffe6bb5b5.js]
[new.express.adobe.com/static/newrelic-client.e502fe7b9daf16fa5b31.js]
[new.express.adobe.com/static/vendor-startup-lodash.4e300398d060155399a0.js]
[new.express.adobe.com/static/vendor-startup-ui.8c3876daeb571e58d5e7.js]
[new.express.adobe.com/static/vendor-startup-uuid.8fe69162c73fa2de46f2.js]
[new.express.adobe.com/static/vendor-startup-otel.61236daf60df57f48125.js]
[new.express.adobe.com/static/vendor-startup-dcx.7f60add70335830805a3.js]
[new.express.adobe.com/static/vendor-startup-ims.5d1749d5318129045acf.js]
[new.express.adobe.com/static/53294.d0b79f5019a6fa9a219a.js]
[new.express.adobe.com/static/24658.ebb6e34d7b06f2abadc4.js]
[new.express.adobe.com/static/81802.e039f8b6324d4aeece3a.js]
[new.express.adobe.com/static/96624.270f7a536824526c0d91.js]
[new.express.adobe.com/static/35111.8cece6858eabb9d149e1.js]
[new.express.adobe.com/webpage/static/runtime/assets/styles/icons/gif-placeholder.html]
[new.express.adobe.com/webpage/static/runtime/images/Link_18_N.svg]
[p.typekit.net/p0bc2.css]
[new.express.adobe.com/static/hz-startup-ui-index.6507a4e777b00d45f7a0.js]
[new.express.adobe.com/webpage/static/runtime/images/icon-video-play.svg]
[new.express.adobe.com/webpage/static/runtime/assets/styles/icons/static/ios-canvas.1abbc786985233418fa8.html]
[new.express.adobe.com/assets/project-x-beta-favicon.html]
[new.express.adobe.com/webpage/static/runtime/assets/styles/icons/static/static/ios-canvas.1abbc786985233418fa8.html]
[new.express.adobe.com/assets/static/ios-canvas.1abbc786985233418fa8.html]
[new.express.adobe.com/webpage/static/runtime/assets/styles/icons/static/static/static/ios-canvas.1abbc786985233418fa8.html]
[new.express.adobe.com/assets/static/static/ios-canvas.1abbc786985233418fa8.html]
[new.express.adobe.com/webpage/static/runtime/assets/styles/icons/static/static/static/static/ios-canvas.1abbc786985233418fa8.html]
[new.express.adobe.com/assets/static/static/static/ios-canvas.1abbc786985233418fa8.html]
[new.express.adobe.com/webpage/static/runtime/assets/styles/icons/static/static/static/static/static/ios-canvas.1abbc786985233418fa8.html]
[new.express.adobe.com/assets/static/static/static/static/ios-canvas.1abbc786985233418fa8.html]
[new.express.adobe.com/webpage/static/runtime/assets/styles/icons/static/static/static/static/static/static/ios-canvas.1abbc786985233418fa8.html]
[new.express.adobe.com/assets/static/static/static/static/static/ios-canvas.1abbc786985233418fa8.html]
[new.express.adobe.com/webpage/static/runtime/assets/styles/icons/static/static/static/static/static/static/static/ios-canvas.1abbc786985233418fa8.html]
[new.express.adobe.com/assets/static/static/static/static/static/static/ios-canvas.1abbc786985233418fa8.html]
[new.express.adobe.com/webpage/static/runtime/assets/styles/icons/static/static/static/static/static/static/static/static/ios-canvas.1abbc786985233418fa8.html]
[new.express.adobe.com/assets/static/static/static/static/static/static/static/ios-canvas.1abbc786985233418fa8.html]
[new.express.adobe.com/webpage/static/runtime/assets/styles/icons/static/static/static/static/static/static/static/static/static/ios-canvas.1abbc786985233418fa8.html]
[new.express.adobe.com/assets/static/static/static/static/static/static/static/static/ios-canvas.1abbc786985233418fa8.html]
[new.express.adobe.com/webpage/static/runtime/assets/styles/icons/static/static/static/static/static/static/static/static/static/static/ios-canvas.1abbc786985233418fa8.html]
[new.express.adobe.com/assets/static/static/static/static/static/static/static/static/static/ios-canvas.1abbc786985233418fa8.html]
[new.express.adobe.com/webpage/static/runtime/assets/styles/icons/static/static/static/static/static/static/static/static/static/static/static/ios-canvas.1abbc786985233418fa8.html]
[new.express.adobe.com/assets/static/static/static/static/static/static/static/static/static/static/ios-canvas.1abbc786985233418fa8.html]
[new.express.adobe.com/webpage/static/runtime/assets/styles/icons/static/static/static/static/static/static/static/static/static/static/static/static/ios-canvas.1abbc786985233418fa8.71.delaye]
[new.express.adobe.com/assets/static/static/static/static/static/static/static/static/static/static/static/ios-canvas.1abbc786985233418fa8.html]
[new.express.adobe.com/webpage/static/runtime/assets/styles/icons/static/static/static/static/static/static/static/static/static/static/static/static/static/ios-canvas.1abbc786985233418fa8.73]
[new.express.adobe.com/assets/static/static/static/static/static/static/static/static/static/static/static/static/ios-canvas.1abbc786985233418fa8.html]
[new.express.adobe.com/webpage/static/runtime/assets/styles/icons/static/static/static/static/static/static/static/static/static/static/static/static/static/static/ios-canvas.1abbc78698523341]
[new.express.adobe.com/assets/static/static/static/static/static/static/static/static/static/static/static/static/static/ios-canvas.1abbc786985233418fa8.html]
[new.express.adobe.com/webpage/static/runtime/assets/styles/icons/static/static/static/static/static/static/static/static/static/static/static/static/static/static/sta/ios-canvas.1abbc7869852]
[new.express.adobe.com/assets/static/static/static/static/static/static/static/static/static/static/static/static/static/static/ios-canvas.1abbc786985233418fa8.html]
[new.express.adobe.com/webpage/static/runtime/assets/styles/icons/static/static/static/static/static/static/static/static/static/static/static/static/static/static/sta/ios-canvas-2.1abbc7869852]
[new.express.adobe.com/assets/static/static/static/static/static/static/static/static/static/static/static/static/static/static/static/ios-canvas.1abbc786985233418fa8.html]
[new.express.adobe.com/webpage/static/runtime/assets/styles/icons/static/static/static/static/static/static/static/static/static/static/static/static/static/static/sta/ios-canvas-3.1abbc7869852]
[new.express.adobe.com/assets/static/static/static/static/static/static/static/static/static/static/static/static/static/static/static/static/ios-canvas.1abbc786985233418fa8.html]
[new.express.adobe.com/webpage/static/runtime/assets/styles/icons/static/static/static/static/static/static/static/static/static/static/static/static/static/static/sta/ios-canvas-4.1abbc7869852]
[new.express.adobe.com/assets/static/static/static/static/static/static/static/static/static/static/static/static/static/static/static/static/static/ios-canvas.1abbc786985233418fa8.html]
[new.express.adobe.com/webpage/static/runtime/assets/styles/icons/static/static/static/static/static/static/static/static/static/static/static/static/static/static/sta/ios-canvas-5.1abbc7869852]
[new.express.adobe.com/assets/static/static/static/static/static/static/static/static/static/static/static/static/static/static/static/static/static/static/ios-canvas.1abbc786985233418fa8.80]
[new.express.adobe.com/webpage/static/runtime/assets/styles/icons/static/static/static/static/static/static/static/static/static/static/static/static/static/static/sta/ios-canvas-6.1abbc7869852]
[new.express.adobe.com/assets/static/static/static/static/static/static/static/static/static/static/static/static/static/static/static/static/static/static/static/ios-canvas.1abbc786985233418]
[new.express.adobe.com/webpage/static/runtime/assets/styles/icons/static/static/static/static/static/static/static/static/static/static/static/static/static/static/sta/ios-canvas-7.1abbc7869852]
[new.express.adobe.com/assets/static/static/static/static/static/static/static/static/static/static/static/static/static/static/static/static/static/static/static/stat/ios-canvas.1abbc7869852]
[new.express.adobe.com/webpage/static/runtime/assets/styles/icons/static/static/static/static/static/static/static/static/static/static/static/static/static/static/sta/ios-canvas-8.1abbc7869852]
[new.express.adobe.com/assets/static/static/static/static/static/static/static/static/static/static/static/static/static/static/static/static/static/static/static/stat/ios-canvas-2.1abbc7869852]
[new.express.adobe.com/webpage/static/runtime/assets/styles/icons/static/static/static/static/static/static/static/static/static/static/static/static/static/static/sta/ios-canvas-9.1abbc7869852]
[new.express.adobe.com/assets/static/static/static/static/static/static/static/static/static/static/static/static/static/static/static/static/static/static/static/stat/ios-canvas-3.1abbc7869852]
[new.express.adobe.com/webpage/static/runtime/assets/styles/icons/static/static/static/static/static/static/static/static/static/static/static/static/static/static/sta/ios-canvas-10.1abbc7869852]
[new.express.adobe.com/assets/static/static/static/static/static/static/static/static/static/static/static/static/static/static/static/static/static/static/static/stat/ios-canvas-4.1abbc7869852]
[new.express.adobe.com/webpage/static/runtime/assets/styles/icons/static/static/static/static/static/static/static/static/static/static/static/static/static/static/sta/ios-canvas-11.1abbc7869852]
[new.express.adobe.com/assets/static/static/static/static/static/static/static/static/static/static/static/static/static/static/static/static/static/static/static/stat/ios-canvas-5.1abbc7869852]
[new.express.adobe.com/webpage/static/runtime/assets/styles/icons/static/static/static/static/static/static/static/static/static/static/static/static/static/static/sta/ios-canvas-12.1abbc7869852]
[new.express.adobe.com/assets/static/static/static/static/static/static/static/static/static/static/static/static/static/static/static/static/static/static/static/stat/ios-canvas-6.1abbc7869852]
[new.express.adobe.com/webpage/static/runtime/assets/styles/icons/static/static/static/static/static/static/static/static/static/static/static/static/static/static/sta/ios-canvas-13.1abbc7869852]
[new.express.adobe.com/assets/static/static/static/static/static/static/static/static/static/static/static/static/static/static/static/static/static/static/static/stat/ios-canvas-7.1abbc7869852]
[new.express.adobe.com/webpage/static/runtime/assets/styles/icons/static/static/static/static/static/static/static/static/static/static/static/static/static/static/sta/ios-canvas-14.1abbc7869852]
[new.express.adobe.com/assets/static/static/static/static/static/static/static/static/static/static/static/static/static/static/static/static/static/static/static/stat/ios-canvas-8.1abbc7869852]
[new.express.adobe.com/webpage/static/runtime/assets/styles/icons/static/static/static/static/static/static/static/static/static/static/static/static/static/static/sta/ios-canvas-15.1abbc7869852]
[new.express.adobe.com/assets/static/static/static/static/static/static/static/static/static/static/static/static/static/static/static/static/static/static/static/stat/ios-canvas-9.1abbc7869852]
[new.express.adobe.com/webpage/static/runtime/assets/styles/icons/static/static/static/static/static/static/static/static/static/static/static/static/static/static/sta/ios-canvas-16.1abbc7869852]
[new.express.adobe.com/assets/static/static/static/static/static/static/static/static/static/static/static/static/static/static/static/static/static/static/static/stat/ios-canvas-10.1abbc7869852]
[new.express.adobe.com/webpage/static/runtime/assets/styles/icons/static/static/static/static/static/static/static/static/static/static/static/static/static/static/sta/ios-canvas-17.1abbc7869852]
[new.express.adobe.com/assets/static/static/static/static/static/static/static/static/static/static/static/static/static/static/static/static/static/static/static/stat/ios-canvas-11.1abbc7869852]
[new.express.adobe.com/webpage/static/runtime/assets/styles/icons/static/static/static/static/static/static/static/static/static/static/static/static/static/static/sta/ios-canvas-18.1abbc7869852]
[new.express.adobe.com/assets/static/static/static/static/static/static/static/static/static/static/static/static/static/static/static/static/static/static/static/stat/ios-canvas-12.1abbc7869852]
[new.express.adobe.com/webpage/static/runtime/assets/styles/icons/static/static/static/static/static/static/static/static/static/static/static/static/static/static/sta/ios-canvas-19.1abbc7869852]
[new.express.adobe.com/assets/static/static/static/static/static/static/static/static/static/static/static/static/static/static/static/static/static/static/static/stat/ios-canvas-13.1abbc7869852]
[new.express.adobe.com/webpage/static/runtime/assets/styles/icons/static/static/static/static/static/static/static/static/static/static/static/static/static/static/sta/ios-canvas-20.1abbc7869852]
[new.express.adobe.com/assets/static/static/static/static/static/static/static/static/static/static/static/static/static/static/static/static/static/static/static/stat/ios-canvas-14.1abbc7869852]
[new.express.adobe.com/webpage/static/runtime/assets/styles/icons/static/static/static/static/static/static/static/static/static/static/static/static/static/static/sta/ios-canvas-21.1abbc7869852]
[new.express.adobe.com/assets/static/static/static/static/static/static/static/static/static/static/static/static/static/static/static/static/static/static/static/stat/ios-canvas-15.1abbc7869852]
[new.express.adobe.com/webpage/static/runtime/assets/styles/icons/static/static/static/static/static/static/static/static/static/static/static/static/static/static/sta/ios-canvas-22.1abbc7869852]
[new.express.adobe.com/assets/static/static/static/static/static/static/static/static/static/static/static/static/static/static/static/static/static/static/static/stat/ios-canvas-16.1abbc7869852]
[new.express.adobe.com/webpage/static/runtime/assets/styles/icons/static/static/static/static/static/static/static/static/static/static/static/static/static/static/sta/ios-canvas-23.1abbc7869852]
[new.express.adobe.com/assets/static/static/static/static/static/static/static/static/static/static/static/static/static/static/static/static/static/static/static/stat/ios-canvas-17.1abbc7869852]
[new.express.adobe.com/webpage/static/runtime/assets/styles/icons/static/static/static/static/static/static/static/static/static/static/static/static/static/static/sta/ios-canvas-24.1abbc7869852]
[new.express.adobe.com/assets/static/static/static/static/static/static/static/static/static/static/static/static/static/static/static/static/static/static/static/stat/ios-canvas-18.1abbc7869852]
[new.express.adobe.com/webpage/static/runtime/assets/styles/icons/static/static/static/static/static/static/static/static/static/static/static/static/static/static/sta/ios-canvas-25.1abbc7869852]
[new.express.adobe.com/assets/static/static/static/static/static/static/static/static/static/static/static/static/static/static/static/static/static/static/static/stat/ios-canvas-19.1abbc7869852]
[new.express.adobe.com/webpage/static/runtime/assets/styles/icons/static/static/static/static/static/static/static/static/static/static/static/static/static/static/sta/ios-canvas-26.1abbc7869852]
[new.express.adobe.com/assets/static/static/static/static/static/static/static/static/static/static/static/static/static/static/static/static/static/static/static/stat/ios-canvas-20.1abbc7869852]
[new.express.adobe.com/webpage/static/runtime/assets/styles/icons/static/static/static/static/static/static/static/static/static/static/static/static/static/static/sta/ios-canvas-27.1abbc7869852]
[new.express.adobe.com/assets/static/static/static/static/static/static/static/static/static/static/static/static/static/static/static/static/static/static/static/stat/ios-canvas-21.1abbc7869852]
[new.express.adobe.com/webpage/static/runtime/assets/styles/icons/static/static/static/static/static/static/static/static/static/static/static/static/static/static/sta/ios-canvas-28.1abbc7869852]
[new.express.adobe.com/assets/static/static/static/static/static/static/static/static/static/static/static/static/static/static/static/static/static/static/static/stat/ios-canvas-22.1abbc7869852]
[new.express.adobe.com/webpage/static/runtime/assets/styles/icons/static/static/static/static/static/static/static/static/static/static/static/static/static/static/sta/ios-canvas-29.1abbc7869852]
[new.express.adobe.com/assets/static/static/static/static/static/static/static/static/static/static/static/static/static/static/static/static/static/static/static/stat/ios-canvas-23.1abbc7869852]
[new.express.adobe.com/webpage/static/runtime/assets/styles/icons/static/static/static/static/static/static/static/static/static/static/static/static/static/static/sta/ios-canvas-30.1abbc7869852]
[new.express.adobe.com/assets/static/static/static/static/static/static/static/static/static/static/static/static/static/static/static/static/static/static/static/stat/ios-canvas-24.1abbc7869852]
[new.express.adobe.com/webpage/static/runtime/assets/styles/icons/static/static/static/static/static/static/static/static/static/static/static/static/static/static/sta/ios-canvas-31.1abbc7869852]
[new.express.adobe.com/assets/static/static/static/static/static/static/static/static/static/static/static/static/static/static/static/static/static/static/static/stat/ios-canvas-25.1abbc7869852]
[new.express.adobe.com/webpage/static/runtime/assets/styles/icons/static/static/static/static/static/static/static/static/static/static/static/static/static/static/sta/ios-canvas-32.1abbc7869852]
[new.express.adobe.com/assets/static/static/static/static/static/static/static/static/static/static/static/static/static/static/static/static/static/static/static/stat/ios-canvas-26.1abbc7869852]
[new.express.adobe.com/webpage/static/runtime/assets/styles/icons/static/static/static/static/static/static/static/static/static/static/static/static/static/static/sta/ios-canvas-33.1abbc7869852]
[new.express.adobe.com/assets/static/static/static/static/static/static/static/static/static/static/static/static/static/static/static/static/static/static/static/stat/ios-canvas-27.1abbc7869852]
[new.express.adobe.com/webpage/static/runtime/assets/styles/icons/static/static/static/static/static/static/static/static/static/static/static/static/static/static/sta/ios-canvas-34.1abbc7869852]
[new.express.adobe.com/assets/static/static/static/static/static/static/static/static/static/static/static/static/static/static/static/static/static/static/static/stat/ios-canvas-28.1abbc7869852]
[new.express.adobe.com/webpage/static/runtime/assets/styles/icons/static/static/static/static/static/static/static/static/static/static/static/static/static/static/sta/ios-canvas-35.1abbc7869852]
[new.express.adobe.com/assets/static/static/static/static/static/static/static/static/static/static/static/static/static/static/static/static/static/static/static/stat/ios-canvas-29.1abbc7869852]
[new.express.adobe.com/webpage/static/runtime/assets/styles/icons/static/static/static/static/static/static/static/static/static/static/static/static/static/static/sta/ios-canvas-36.1abbc7869852]
[new.express.adobe.com/assets/static/static/static/static/static/static/static/static/static/static/static/static/static/static/static/static/static/static/static/stat/ios-canvas-30.1abbc7869852]
[new.express.adobe.com/webpage/static/runtime/assets/styles/icons/static/static/static/static/static/static/static/static/static/static/static/static/static/static/sta/ios-canvas-37.1abbc7869852]
[new.express.adobe.com/assets/static/static/static/static/static/static/static/static/static/static/static/static/static/static/static/static/static/static/static/stat/ios-canvas-31.1abbc7869852]
[new.express.adobe.com/webpage/static/runtime/assets/styles/icons/static/static/static/static/static/static/static/static/static/static/static/static/static/static/sta/ios-canvas-38.1abbc7869852]
[new.express.adobe.com/assets/static/static/static/static/static/static/static/static/static/static/static/static/static/static/static/static/static/static/static/stat/ios-canvas-32.1abbc7869852]
[new.express.adobe.com/webpage/static/runtime/assets/styles/icons/static/static/static/static/static/static/static/static/static/static/static/static/static/static/sta/ios-canvas-39.1abbc7869852]
[new.express.adobe.com/assets/static/static/static/static/static/static/static/static/static/static/static/static/static/static/static/static/static/static/static/stat/ios-canvas-33.1abbc7869852]
[new.express.adobe.com/webpage/static/runtime/assets/styles/icons/static/static/static/static/static/static/static/static/static/static/static/static/static/static/sta/ios-canvas-40.1abbc7869852]
[new.express.adobe.com/assets/static/static/static/static/static/static/static/static/static/static/static/static/static/static/static/static/static/static/static/stat/ios-canvas-34.1abbc7869852]
[new.express.adobe.com/webpage/static/runtime/assets/styles/icons/static/static/static/static/static/static/static/static/static/static/static/static/static/static/sta/ios-canvas-41.1abbc7869852]
[new.express.adobe.com/assets/static/static/static/static/static/static/static/static/static/static/static/static/static/static/static/static/static/static/static/stat/ios-canvas-35.1abbc7869852]
[new.express.adobe.com/webpage/static/runtime/assets/styles/icons/static/static/static/static/static/static/static/static/static/static/static/static/static/static/sta/ios-canvas-42.1abbc7869852]
[new.express.adobe.com/assets/static/static/static/static/static/static/static/static/static/static/static/static/static/static/static/static/static/static/static/stat/ios-canvas-36.1abbc7869852]
[new.express.adobe.com/webpage/static/runtime/assets/styles/icons/static/static/static/static/static/static/static/static/static/static/static/static/static/static/sta/ios-canvas-43.1abbc7869852]
[new.express.adobe.com/assets/static/static/static/static/static/static/static/static/static/static/static/static/static/static/static/static/static/static/static/stat/ios-canvas-37.1abbc7869852]
[new.express.adobe.com/webpage/static/runtime/assets/styles/icons/static/static/static/static/static/static/static/static/static/static/static/static/static/static/sta/ios-canvas-44.1abbc7869852]
[new.express.adobe.com/assets/static/static/static/static/static/static/static/static/static/static/static/static/static/static/static/static/static/static/static/stat/ios-canvas-38.1abbc7869852]
[new.express.adobe.com/webpage/static/runtime/assets/styles/icons/static/static/static/static/static/static/static/static/static/static/static/static/static/static/sta/ios-canvas-45.1abbc7869852]
[new.express.adobe.com/assets/static/static/static/static/static/static/static/static/static/static/static/static/static/static/static/static/static/static/static/stat/ios-canvas-39.1abbc7869852]
[new.express.adobe.com/webpage/static/runtime/assets/styles/icons/static/static/static/static/static/static/static/static/static/static/static/static/static/static/sta/ios-canvas-46.1abbc7869852]
[new.express.adobe.com/assets/static/static/static/static/static/static/static/static/static/static/static/static/static/static/static/static/static/static/static/stat/ios-canvas-40.1abbc7869852]
[new.express.adobe.com/webpage/static/runtime/assets/styles/icons/static/static/static/static/static/static/static/static/static/static/static/static/static/static/sta/ios-canvas-47.1abbc7869852]
[new.express.adobe.com/assets/static/static/static/static/static/static/static/static/static/static/static/static/static/static/static/static/static/static/static/stat/ios-canvas-41.1abbc7869852]
[new.express.adobe.com/webpage/static/runtime/assets/styles/icons/static/static/static/static/static/static/static/static/static/static/static/static/static/static/sta/ios-canvas-48.1abbc7869852]
[new.express.adobe.com/assets/static/static/static/static/static/static/static/static/static/static/static/static/static/static/static/static/static/static/static/stat/ios-canvas-42.1abbc7869852]
[new.express.adobe.com/webpage/static/runtime/assets/styles/icons/static/static/static/static/static/static/static/static/static/static/static/static/static/static/sta/ios-canvas-49.1abbc7869852]
[new.express.adobe.com/assets/static/static/static/static/static/static/static/static/static/static/static/static/static/static/static/static/static/static/static/stat/ios-canvas-43.1abbc7869852]
[new.express.adobe.com/webpage/static/runtime/assets/styles/icons/static/static/static/static/static/static/static/static/static/static/static/static/static/static/sta/ios-canvas-50.1abbc7869852]
[new.express.adobe.com/assets/static/static/static/static/static/static/static/static/static/static/static/static/static/static/static/static/static/static/static/stat/ios-canvas-44.1abbc7869852]
[new.express.adobe.com/webpage/static/runtime/assets/styles/icons/static/static/static/static/static/static/static/static/static/static/static/static/static/static/sta/ios-canvas-51.1abbc7869852]
[new.express.adobe.com/assets/static/static/static/static/static/static/static/static/static/static/static/static/static/static/static/static/static/static/static/stat/ios-canvas-45.1abbc7869852]
[new.express.adobe.com/webpage/static/runtime/assets/styles/icons/static/static/static/static/static/static/static/static/static/static/static/static/static/static/sta/ios-canvas-52.1abbc7869852]
[new.express.adobe.com/assets/static/static/static/static/static/static/static/static/static/static/static/static/static/static/static/static/static/static/static/stat/ios-canvas-46.1abbc7869852]
[new.express.adobe.com/webpage/static/runtime/assets/styles/icons/static/static/static/static/static/static/static/static/static/static/static/static/static/static/sta/ios-canvas-53.1abbc7869852]
[new.express.adobe.com/assets/static/static/static/static/static/static/static/static/static/static/static/static/static/static/static/static/static/static/static/stat/ios-canvas-47.1abbc7869852]
[new.express.adobe.com/webpage/static/runtime/assets/styles/icons/static/static/static/static/static/static/static/static/static/static/static/static/static/static/sta/ios-canvas-54.1abbc7869852]
[new.express.adobe.com/assets/static/static/static/static/static/static/static/static/static/static/static/static/static/static/static/static/static/static/static/stat/ios-canvas-48.1abbc7869852]
[new.express.adobe.com/webpage/static/runtime/assets/styles/icons/static/static/static/static/static/static/static/static/static/static/static/static/static/static/sta/ios-canvas-55.1abbc7869852]
[new.express.adobe.com/assets/static/static/static/static/static/static/static/static/static/static/static/static/static/static/static/static/static/static/static/stat/ios-canvas-49.1abbc7869852]
[new.express.adobe.com/webpage/static/runtime/assets/styles/icons/static/static/static/static/static/static/static/static/static/static/static/static/static/static/sta/ios-canvas-56.1abbc7869852]
[new.express.adobe.com/assets/static/static/static/static/static/static/static/static/static/static/static/static/static/static/static/static/static/static/static/stat/ios-canvas-50.1abbc7869852]
[new.express.adobe.com/webpage/static/runtime/assets/styles/icons/static/static/static/static/static/static/static/static/static/static/static/static/static/static/sta/ios-canvas-57.1abbc7869852]
[new.express.adobe.com/assets/static/static/static/static/static/static/static/static/static/static/static/static/static/static/static/static/static/static/static/stat/ios-canvas-51.1abbc7869852]
[new.express.adobe.com/webpage/static/runtime/assets/styles/icons/static/static/static/static/static/static/static/static/static/static/static/static/static/static/sta/ios-canvas-58.1abbc7869852]
[new.express.adobe.com/assets/static/static/static/static/static/static/static/static/static/static/static/static/static/static/static/static/static/static/static/stat/ios-canvas-52.1abbc7869852]
[new.express.adobe.com/webpage/static/runtime/assets/styles/icons/static/static/static/static/static/static/static/static/static/static/static/static/static/static/sta/ios-canvas-59.1abbc7869852]
[new.express.adobe.com/assets/static/static/static/static/static/static/static/static/static/static/static/static/static/static/static/static/static/static/static/stat/ios-canvas-53.1abbc7869852]
[new.express.adobe.com/webpage/static/runtime/assets/styles/icons/static/static/static/static/static/static/static/static/static/static/static/static/static/static/sta/ios-canvas-60.1abbc7869852]
[new.express.adobe.com/assets/static/static/static/static/static/static/static/static/static/static/static/static/static/static/static/static/static/static/static/stat/ios-canvas-54.1abbc7869852]
[new.express.adobe.com/webpage/static/runtime/assets/styles/icons/static/static/static/static/static/static/static/static/static/static/static/static/static/static/sta/ios-canvas-61.1abbc7869852]
[new.express.adobe.com/assets/static/static/static/static/static/static/static/static/static/static/static/static/static/static/static/static/static/static/static/stat/ios-canvas-55.1abbc7869852]
[new.express.adobe.com/webpage/static/runtime/assets/styles/icons/static/static/static/static/static/static/static/static/static/static/static/static/static/static/sta/ios-canvas-62.1abbc7869852]
[new.express.adobe.com/assets/static/static/static/static/static/static/static/static/static/static/static/static/static/static/static/static/static/static/static/stat/ios-canvas-56.1abbc7869852]
[new.express.adobe.com/webpage/static/runtime/assets/styles/icons/static/static/static/static/static/static/static/static/static/static/static/static/static/static/sta/ios-canvas-63.1abbc7869852]
[new.express.adobe.com/assets/static/static/static/static/static/static/static/static/static/static/static/static/static/static/static/static/static/static/static/stat/ios-canvas-57.1abbc7869852]
[new.express.adobe.com/webpage/static/runtime/assets/styles/icons/static/static/static/static/static/static/static/static/static/static/static/static/static/static/sta/ios-canvas-64.1abbc7869852]
[new.express.adobe.com/assets/static/static/static/static/static/static/static/static/static/static/static/static/static/static/static/static/static/static/static/stat/ios-canvas-58.1abbc7869852]
[new.express.adobe.com/webpage/static/runtime/assets/styles/icons/static/static/static/static/static/static/static/static/static/static/static/static/static/static/sta/ios-canvas-65.1abbc7869852]
[new.express.adobe.com/assets/static/static/static/static/static/static/static/static/static/static/static/static/static/static/static/static/static/static/static/stat/ios-canvas-59.1abbc7869852]
[new.express.adobe.com/webpage/static/runtime/assets/styles/icons/static/static/static/static/static/static/static/static/static/static/static/static/static/static/sta/ios-canvas-66.1abbc7869852]
[new.express.adobe.com/assets/static/static/static/static/static/static/static/static/static/static/static/static/static/static/static/static/static/static/static/stat/ios-canvas-60.1abbc7869852]
[new.express.adobe.com/webpage/static/runtime/assets/styles/icons/static/static/static/static/static/static/static/static/static/static/static/static/static/static/sta/ios-canvas-67.1abbc7869852]
[new.express.adobe.com/assets/static/static/static/static/static/static/static/static/static/static/static/static/static/static/static/static/static/static/static/stat/ios-canvas-61.1abbc7869852]
[new.express.adobe.com/webpage/static/runtime/assets/styles/icons/static/static/static/static/static/static/static/static/static/static/static/static/static/static/sta/ios-canvas-68.1abbc7869852]
[new.express.adobe.com/assets/static/static/static/static/static/static/static/static/static/static/static/static/static/static/static/static/static/static/static/stat/ios-canvas-62.1abbc7869852]
[new.express.adobe.com/webpage/static/runtime/assets/styles/icons/static/static/static/static/static/static/static/static/static/static/static/static/static/static/sta/ios-canvas-69.1abbc7869852]
[new.express.adobe.com/assets/static/static/static/static/static/static/static/static/static/static/static/static/static/static/static/static/static/static/static/stat/ios-canvas-63.1abbc7869852]
[new.express.adobe.com/webpage/static/runtime/assets/styles/icons/static/static/static/static/static/static/static/static/static/static/static/static/static/static/sta/ios-canvas-70.1abbc7869852]
[new.express.adobe.com/assets/static/static/static/static/static/static/static/static/static/static/static/static/static/static/static/static/static/static/static/stat/ios-canvas-64.1abbc7869852]
[new.express.adobe.com/webpage/static/runtime/assets/styles/icons/static/static/static/static/static/static/static/static/static/static/static/static/static/static/sta/ios-canvas-71.1abbc7869852]
[new.express.adobe.com/assets/static/static/static/static/static/static/static/static/static/static/static/static/static/static/static/static/static/static/static/stat/ios-canvas-65.1abbc7869852]
[new.express.adobe.com/webpage/static/runtime/assets/styles/icons/static/static/static/static/static/static/static/static/static/static/static/static/static/static/sta/ios-canvas-72.1abbc7869852]
[new.express.adobe.com/assets/static/static/static/static/static/static/static/static/static/static/static/static/static/static/static/static/static/static/static/stat/ios-canvas-66.1abbc7869852]
[new.express.adobe.com/webpage/static/runtime/assets/styles/icons/static/static/static/static/static/static/static/static/static/static/static/static/static/static/sta/ios-canvas-73.1abbc7869852]
[new.express.adobe.com/assets/static/static/static/static/static/static/static/static/static/static/static/static/static/static/static/static/static/static/static/stat/ios-canvas-67.1abbc7869852]
[new.express.adobe.com/webpage/static/runtime/assets/styles/icons/static/static/static/static/static/static/static/static/static/static/static/static/static/static/sta/ios-canvas-74.1abbc7869852]
[new.express.adobe.com/assets/static/static/static/static/static/static/static/static/static/static/static/static/static/static/static/static/static/static/static/stat/ios-canvas-68.1abbc7869852]
[new.express.adobe.com/webpage/static/runtime/assets/styles/icons/static/static/static/static/static/static/static/static/static/static/static/static/static/static/sta/ios-canvas-75.1abbc7869852]
[new.express.adobe.com/assets/static/static/static/static/static/static/static/static/static/static/static/static/static/static/static/static/static/static/static/stat/ios-canvas-69.1abbc7869852]
[new.express.adobe.com/webpage/static/runtime/assets/styles/icons/static/static/static/static/static/static/static/static/static/static/static/static/static/static/sta/ios-canvas-76.1abbc7869852]
[new.express.adobe.com/assets/static/static/static/static/static/static/static/static/static/static/static/static/static/static/static/static/static/static/static/stat/ios-canvas-70.1abbc7869852]
[new.express.adobe.com/webpage/static/runtime/assets/styles/icons/static/static/static/static/static/static/static/static/static/static/static/static/static/static/sta/ios-canvas-77.1abbc7869852]
[new.express.adobe.com/assets/static/static/static/static/static/static/static/static/static/static/static/static/static/static/static/static/static/static/static/stat/ios-canvas-71.1abbc7869852]
[new.express.adobe.com/webpage/static/runtime/assets/styles/icons/static/static/static/static/static/static/static/static/static/static/static/static/static/static/sta/ios-canvas-78.1abbc7869852]
[new.express.adobe.com/assets/static/static/static/static/static/static/static/static/static/static/static/static/static/static/static/static/static/static/static/stat/ios-canvas-72.1abbc7869852]
[new.express.adobe.com/webpage/static/runtime/assets/styles/icons/static/static/static/static/static/static/static/static/static/static/static/static/static/static/sta/ios-canvas-79.1abbc7869852]
[new.express.adobe.com/assets/static/static/static/static/static/static/static/static/static/static/static/static/static/static/static/static/static/static/static/stat/ios-canvas-73.1abbc7869852]
[new.express.adobe.com/webpage/static/runtime/assets/styles/icons/static/static/static/static/static/static/static/static/static/static/static/static/static/static/sta/ios-canvas-80.1abbc7869852]
[new.express.adobe.com/assets/static/static/static/static/static/static/static/static/static/static/static/static/static/static/static/static/static/static/static/stat/ios-canvas-74.1abbc7869852]
[new.express.adobe.com/webpage/static/runtime/assets/styles/icons/static/static/static/static/static/static/static/static/static/static/static/static/static/static/sta/ios-canvas-81.1abbc7869852]
[new.express.adobe.com/assets/static/static/static/static/static/static/static/static/static/static/static/static/static/static/static/static/static/static/static/stat/ios-canvas-75.1abbc7869852]
[new.express.adobe.com/webpage/static/runtime/assets/styles/icons/static/static/static/static/static/static/static/static/static/static/static/static/static/static/sta/ios-canvas-82.1abbc7869852]
[new.express.adobe.com/assets/static/static/static/static/static/static/static/static/static/static/static/static/static/static/static/static/static/static/static/stat/ios-canvas-76.1abbc7869852]
[new.express.adobe.com/webpage/static/runtime/assets/styles/icons/static/static/static/static/static/static/static/static/static/static/static/static/static/static/sta/ios-canvas-83.1abbc7869852]
[new.express.adobe.com/assets/static/static/static/static/static/static/static/static/static/static/static/static/static/static/static/static/static/static/static/stat/ios-canvas-77.1abbc7869852]
[new.express.adobe.com/webpage/static/runtime/assets/styles/icons/static/static/static/static/static/static/static/static/static/static/static/static/static/static/sta/ios-canvas-84.1abbc7869852]
[new.express.adobe.com/assets/static/static/static/static/static/static/static/static/static/static/static/static/static/static/static/static/static/static/static/stat/ios-canvas-78.1abbc7869852]
[new.express.adobe.com/webpage/static/runtime/assets/styles/icons/static/static/static/static/static/static/static/static/static/static/static/static/static/static/sta/ios-canvas-85.1abbc7869852]
[new.express.adobe.com/assets/static/static/static/static/static/static/static/static/static/static/static/static/static/static/static/static/static/static/static/stat/ios-canvas-79.1abbc7869852]
[new.express.adobe.com/webpage/static/runtime/assets/styles/icons/static/static/static/static/static/static/static/static/static/static/static/static/static/static/sta/ios-canvas-86.1abbc7869852]
[new.express.adobe.com/assets/static/static/static/static/static/static/static/static/static/static/static/static/static/static/static/static/static/static/static/stat/ios-canvas-80.1abbc7869852]
[new.express.adobe.com/webpage/static/runtime/assets/styles/icons/static/static/static/static/static/static/static/static/static/static/static/static/static/static/sta/ios-canvas-87.1abbc7869852]
[new.express.adobe.com/assets/static/static/static/static/static/static/static/static/static/static/static/static/static/static/static/static/static/static/static/stat/ios-canvas-81.1abbc7869852]
[new.express.adobe.com/webpage/static/runtime/assets/styles/icons/static/static/static/static/static/static/static/static/static/static/static/static/static/static/sta/ios-canvas-88.1abbc7869852]
[new.express.adobe.com/assets/static/static/static/static/static/static/static/static/static/static/static/static/static/static/static/static/static/static/static/stat/ios-canvas-82.1abbc7869852]
[new.express.adobe.com/webpage/static/runtime/assets/styles/icons/static/static/static/static/static/static/static/static/static/static/static/static/static/static/sta/ios-canvas-89.1abbc7869852]
[new.express.adobe.com/assets/static/static/static/static/static/static/static/static/static/static/static/static/static/static/static/static/static/static/static/stat/ios-canvas-83.1abbc7869852]
[new.express.adobe.com/webpage/static/runtime/assets/styles/icons/static/static/static/static/static/static/static/static/static/static/static/static/static/static/sta/ios-canvas-90.1abbc7869852]
[new.express.adobe.com/assets/static/static/static/static/static/static/static/static/static/static/static/static/static/static/static/static/static/static/static/stat/ios-canvas-84.1abbc7869852]
[new.express.adobe.com/webpage/static/runtime/assets/styles/icons/static/static/static/static/static/static/static/static/static/static/static/static/static/static/sta/ios-canvas-91.1abbc7869852]
[new.express.adobe.com/assets/static/static/static/static/static/static/static/static/static/static/static/static/static/static/static/static/static/static/static/stat/ios-canvas-85.1abbc7869852]
[new.express.adobe.com/webpage/static/runtime/assets/styles/icons/static/static/static/static/static/static/static/static/static/static/static/static/static/static/sta/ios-canvas-92.1abbc7869852]
[new.express.adobe.com/assets/static/static/static/static/static/static/static/static/static/static/static/static/static/static/static/static/static/static/static/stat/ios-canvas-86.1abbc7869852]
[new.express.adobe.com/webpage/static/runtime/assets/styles/icons/static/static/static/static/static/static/static/static/static/static/static/static/static/static/sta/ios-canvas-93.1abbc7869852]
[new.express.adobe.com/assets/static/static/static/static/static/static/static/static/static/static/static/static/static/static/static/static/static/static/static/stat/ios-canvas-87.1abbc7869852]
[new.express.adobe.com/webpage/static/runtime/assets/styles/icons/static/static/static/static/static/static/static/static/static/static/static/static/static/static/sta/ios-canvas-94.1abbc7869852]
[new.express.adobe.com/assets/static/static/static/static/static/static/static/static/static/static/static/static/static/static/static/static/static/static/static/stat/ios-canvas-88.1abbc7869852]
[new.express.adobe.com/webpage/static/runtime/assets/styles/icons/static/static/static/static/static/static/static/static/static/static/static/static/static/static/sta/ios-canvas-95.1abbc7869852]
[new.express.adobe.com/assets/static/static/static/static/static/static/static/static/static/static/static/static/static/static/static/static/static/static/static/stat/ios-canvas-89.1abbc7869852]
[new.express.adobe.com/webpage/static/runtime/assets/styles/icons/static/static/static/static/static/static/static/static/static/static/static/static/static/static/sta/ios-canvas-96.1abbc7869852]
[new.express.adobe.com/assets/static/static/static/static/static/static/static/static/static/static/static/static/static/static/static/static/static/static/static/stat/ios-canvas-90.1abbc7869852]
[new.express.adobe.com/webpage/static/runtime/assets/styles/icons/static/static/static/static/static/static/static/static/static/static/static/static/static/static/sta/ios-canvas-97.1abbc7869852]
[new.express.adobe.com/assets/static/static/static/static/static/static/static/static/static/static/static/static/static/static/static/static/static/static/static/stat/ios-canvas-91.1abbc7869852]
[new.express.adobe.com/webpage/static/runtime/assets/styles/icons/static/static/static/static/static/static/static/static/static/static/static/static/static/static/sta/ios-canvas-98.1abbc7869852]
[new.express.adobe.com/assets/static/static/static/static/static/static/static/static/static/static/static/static/static/static/static/static/static/static/static/stat/ios-canvas-92.1abbc7869852]
[new.express.adobe.com/webpage/static/runtime/assets/styles/icons/static/static/static/static/static/static/static/static/static/static/static/static/static/static/sta/ios-canvas-99.1abbc7869852]
[new.express.adobe.com/assets/static/static/static/static/static/static/static/static/static/static/static/static/static/static/static/static/static/static/static/stat/ios-canvas-93.1abbc7869852]
[new.express.adobe.com/webpage/static/runtime/assets/styles/icons/static/static/static/static/static/static/static/static/static/static/static/static/static/static/sta/ios-canvas-100.1abbc7869852]
[new.express.adobe.com/assets/static/static/static/static/static/static/static/static/static/static/static/static/static/static/static/static/static/static/static/stat/ios-canvas-94.1abbc7869852]
[new.express.adobe.com/webpage/static/runtime/assets/styles/icons/static/static/static/static/static/static/static/static/static/static/static/static/static/static/sta/ios-canvas-101.1abbc7869852]
[new.express.adobe.com/assets/static/static/static/static/static/static/static/static/static/static/static/static/static/static/static/static/static/static/static/stat/ios-canvas-95.1abbc7869852]
[new.express.adobe.com/webpage/static/runtime/assets/styles/icons/static/static/static/static/static/static/static/static/static/static/static/static/static/static/sta/ios-canvas-102.1abbc7869852]
[new.express.adobe.com/assets/static/static/static/static/static/static/static/static/static/static/static/static/static/static/static/static/static/static/static/stat/ios-canvas-96.1abbc7869852]
[new.express.adobe.com/webpage/static/runtime/assets/styles/icons/static/static/static/static/static/static/static/static/static/static/static/static/static/static/sta/ios-canvas-103.1abbc7869852]
[new.express.adobe.com/assets/static/static/static/static/static/static/static/static/static/static/static/static/static/static/static/static/static/static/static/stat/ios-canvas-97.1abbc7869852]
[new.express.adobe.com/webpage/static/runtime/assets/styles/icons/static/static/static/static/static/static/static/static/static/static/static/static/static/static/sta/ios-canvas-104.1abbc7869852]
[new.express.adobe.com/assets/static/static/static/static/static/static/static/static/static/static/static/static/static/static/static/static/static/static/static/stat/ios-canvas-98.1abbc7869852]
[new.express.adobe.com/webpage/static/runtime/assets/styles/icons/static/static/static/static/static/static/static/static/static/static/static/static/static/static/sta/ios-canvas-105.1abbc7869852]
[new.express.adobe.com/assets/static/static/static/static/static/static/static/static/static/static/static/static/static/static/static/static/static/static/static/stat/ios-canvas-99.1abbc7869852]
[new.express.adobe.com/assets/static/static/static/static/static/static/static/static/static/static/static/static/static/static/static/static/static/static/static/stat/ios-canvas-100.1abbc7869852]
[new.express.adobe.com/assets/static/static/static/static/static/static/static/static/static/static/static/static/static/static/static/static/static/static/static/stat/ios-canvas-101.1abbc7869852]
[new.express.adobe.com/assets/static/static/static/static/static/static/static/static/static/static/static/static/static/static/static/static/static/static/static/stat/ios-canvas-102.1abbc7869852]
[new.express.adobe.com/assets/static/static/static/static/static/static/static/static/static/static/static/static/static/static/static/static/static/static/static/stat/ios-canvas-103.1abbc7869852]
[new.express.adobe.com/assets/static/static/static/static/static/static/static/static/static/static/static/static/static/static/static/static/static/static/static/stat/ios-canvas-104.1abbc7869852]
[new.express.adobe.com/assets/static/static/static/static/static/static/static/static/static/static/static/static/static/static/static/static/static/static/static/stat/ios-canvas-105.1abbc7869852]
